┏━━━━━━━━━━━━━━━━━━━━━━┳━━━━━━━━━━┳━━━━━━━━━━┳━━━━━━━━━━┳━━━━━━━━━━┳━━━━━━━━━━━┳━━━━━━━━━━┳━━━━━━━━━━━┳━━━━━━━━━━┳━━━━━━━━━━━┳━━━━━━━━━━┳━━━━━━━━━━━┳━━━━━━━━━━┓
┃                      ┃ Hold     ┃ Reg to   ┃          ┃          ┃ of which  ┃ Setup    ┃           ┃          ┃           ┃ of which ┃           ┃          ┃
┃                      ┃ Worst    ┃ Reg      ┃          ┃ Hold Vio ┃ reg to    ┃ Worst    ┃ Reg to    ┃ Setup    ┃ Setup Vio ┃ reg to   ┃ Max Cap   ┃ Max Slew ┃
┃ Corner/Group         ┃ Slack    ┃ Paths    ┃ Hold TNS ┃ Count    ┃ reg       ┃ Slack    ┃ Reg Paths ┃ TNS      ┃ Count     ┃ reg      ┃ Violatio… ┃ Violati… ┃
┡━━━━━━━━━━━━━━━━━━━━━━╇━━━━━━━━━━╇━━━━━━━━━━╇━━━━━━━━━━╇━━━━━━━━━━╇━━━━━━━━━━━╇━━━━━━━━━━╇━━━━━━━━━━━╇━━━━━━━━━━╇━━━━━━━━━━━╇━━━━━━━━━━╇━━━━━━━━━━━╇━━━━━━━━━━┩
│ Overall              │ 0.0780   │ 0.0780   │ 0.0000   │ 0        │ 0         │ 27.4404  │ 27.4404   │ 0.0000   │ 0         │ 0        │ 9         │ 1715     │
│ nom_tt_025C_1v80     │ 0.2672   │ 0.2672   │ 0.0000   │ 0        │ 0         │ 37.6909  │ N/A       │ 0.0000   │ 0         │ 0        │ 2         │ 194      │
│ nom_ss_100C_1v60     │ 0.8285   │ 0.8285   │ 0.0000   │ 0        │ 0         │ 27.9635  │ 27.9635   │ 0.0000   │ 0         │ 0        │ 4         │ 1356     │
│ nom_ff_n40C_1v95     │ 0.0780   │ 0.0780   │ 0.0000   │ 0        │ 0         │ 38.4433  │ N/A       │ 0.0000   │ 0         │ 0        │ 3         │ 8        │
│ min_tt_025C_1v80     │ 0.2747   │ 0.2747   │ 0.0000   │ 0        │ 0         │ 37.7583  │ N/A       │ 0.0000   │ 0         │ 0        │ 2         │ 50       │
│ min_ss_100C_1v60     │ 0.8419   │ 0.8419   │ 0.0000   │ 0        │ 0         │ 28.4735  │ 28.4735   │ 0.0000   │ 0         │ 0        │ 4         │ 1064     │
│ min_ff_n40C_1v95     │ 0.0820   │ 0.0820   │ 0.0000   │ 0        │ 0         │ 38.4853  │ N/A       │ 0.0000   │ 0         │ 0        │ 2         │ 4        │
│ max_tt_025C_1v80     │ 0.2687   │ 0.2687   │ 0.0000   │ 0        │ 0         │ 37.6172  │ N/A       │ 0.0000   │ 0         │ 0        │ 4         │ 273      │
│ max_ss_100C_1v60     │ 0.8294   │ 0.8294   │ 0.0000   │ 0        │ 0         │ 27.4404  │ 27.4404   │ 0.0000   │ 0         │ 0        │ 9         │ 1715     │
│ max_ff_n40C_1v95     │ 0.0808   │ 0.0808   │ 0.0000   │ 0        │ 0         │ 38.3936  │ N/A       │ 0.0000   │ 0         │ 0        │ 4         │ 8        │
└──────────────────────┴──────────┴──────────┴──────────┴──────────┴───────────┴──────────┴───────────┴──────────┴───────────┴──────────┴───────────┴──────────┘
