┏━━━━━━━━━━━━━━━━━━━━━━┳━━━━━━━━━━┳━━━━━━━━━━┳━━━━━━━━━━┳━━━━━━━━━━┳━━━━━━━━━━━┳━━━━━━━━━━┳━━━━━━━━━━━┳━━━━━━━━━━┳━━━━━━━━━━━┳━━━━━━━━━━┳━━━━━━━━━━━┳━━━━━━━━━━┓
┃                      ┃ Hold     ┃ Reg to   ┃          ┃          ┃ of which  ┃ Setup    ┃           ┃          ┃           ┃ of which ┃           ┃          ┃
┃                      ┃ Worst    ┃ Reg      ┃          ┃ Hold Vio ┃ reg to    ┃ Worst    ┃ Reg to    ┃ Setup    ┃ Setup Vio ┃ reg to   ┃ Max Cap   ┃ Max Slew ┃
┃ Corner/Group         ┃ Slack    ┃ Paths    ┃ Hold TNS ┃ Count    ┃ reg       ┃ Slack    ┃ Reg Paths ┃ TNS      ┃ Count     ┃ reg      ┃ Violatio… ┃ Violati… ┃
┡━━━━━━━━━━━━━━━━━━━━━━╇━━━━━━━━━━╇━━━━━━━━━━╇━━━━━━━━━━╇━━━━━━━━━━╇━━━━━━━━━━━╇━━━━━━━━━━╇━━━━━━━━━━━╇━━━━━━━━━━╇━━━━━━━━━━━╇━━━━━━━━━━╇━━━━━━━━━━━╇━━━━━━━━━━┩
│ Overall              │ 0.0363   │ 0.0364   │ 0.0000   │ 0        │ 0         │ 27.6156  │ 27.6156   │ 0.0000   │ 0         │ 0        │ 24        │ 2299     │
│ nom_tt_025C_1v80     │ 0.1886   │ 0.1886   │ 0.0000   │ 0        │ 0         │ 38.2473  │ N/A       │ 0.0000   │ 0         │ 0        │ 2         │ 885      │
│ nom_ss_100C_1v60     │ 0.6281   │ 0.6281   │ 0.0000   │ 0        │ 0         │ 27.6156  │ 27.6156   │ 0.0000   │ 0         │ 0        │ 24        │ 2299     │
│ nom_ff_n40C_1v95     │ 0.0363   │ 0.0364   │ 0.0000   │ 0        │ 0         │ 38.7395  │ N/A       │ 0.0000   │ 0         │ 0        │ 3         │ 435      │
└──────────────────────┴──────────┴──────────┴──────────┴──────────┴───────────┴──────────┴───────────┴──────────┴───────────┴──────────┴───────────┴──────────┘
